Error: Unknown arguments: cat, build-output.txt
